2025/08/09 18:18:01 GET from "http://bittorrent-test-tracker.codecrafters.io/announce?compact=1&downloaded=0&info_hash=%D6%9F%91%E6%B2%AELT%24h%D1%07%3Aq%D4%EA%13%87%9A%7F&left=92063&peer_id=12345678901234567890&port=6881&uploaded=0"
2025/08/09 18:18:01 interval: 60, peers: ¥è&¤Èé¥è)IÈæ¥è#rÉK/18/18
2025/08/09 18:18:01 [xxxxx]: downloading 1/3 piece
2025/08/09 18:18:01 torrent info: {Tracker:http://bittorrent-test-tracker.codecrafters.io/announce Length:92063 Hash:[214 159 145 230 178 174 76 84 36 104 209 7 58 113 212 234 19 135 154 127] PieceLength:32768 PieceHashes:[e876f67a2a8886e8f36b136726c30fa29703022d 6e2275e604a0766656736e81ff10b55204ad8d35 f00d937a0213df1982bc8d097227ad9e909acc17]}
2025/08/09 18:18:01 piece downloader: pIdx=0, blkCnt=2, pLen=32768, bsize=16384
2025/08/09 18:18:01 downloader 0 started...
2025/08/09 18:18:02 handshake: [45 82 78 48 46 48 46 48 45 157 94 2 38 135 85 117 198 35 58 19], 165.232.38.164:51433
2025/08/09 18:18:02 connecting 192.168.0.104:41926->165.232.38.164:51433, err: <nil>
2025/08/09 18:18:02 unchoke recevied
2025/08/09 18:18:02 requestPkt: [0, 0, 0, 16384]
2025/08/09 18:18:02 try donwloading {idx:0 cnt:2 pIdx:0 pLen:32768}
2025/08/09 18:18:03 handshake: [45 82 78 48 46 48 46 48 45 98 201 129 1 209 164 146 80 168 237 81], 165.232.41.73:51430
2025/08/09 18:18:03 connecting 192.168.0.104:54018->165.232.41.73:51430, err: <nil>
2025/08/09 18:18:03 recevied piece[0 vs 0], begin: 0(0), block_len:16384
2025/08/09 18:18:03 blk 0/2 finished, [0:16384]
2025/08/09 18:18:03 requestPkt: [0, 1, 16384, 16384]
2025/08/09 18:18:03 [p: 0] blk tasks finished: 1/2
2025/08/09 18:18:03 try donwloading {idx:1 cnt:2 pIdx:0 pLen:32768}
2025/08/09 18:18:03 unchoke recevied
2025/08/09 18:18:03 recevied piece[0 vs 0], begin: 16384(1), block_len:16384
2025/08/09 18:18:03 blk 1/2 finished, [16384:32768]
2025/08/09 18:18:03 [p: 0] blk tasks finished: 2/2
2025/08/09 18:18:03 piece downloader stopped: 32768/32768
2025/08/09 18:18:03 downloader 0 stopped...
2025/08/09 18:18:03 handshake: [45 82 78 48 46 48 46 48 45 54 138 135 85 243 84 216 87 114 20 62], 165.232.35.114:51531
2025/08/09 18:18:03 connecting 192.168.0.104:36996->165.232.35.114:51531, err: <nil>
2025/08/09 18:18:04 unchoke recevied
2025/08/09 18:18:04 close peer: [45 82 78 48 46 48 46 48 45 98 201 129 1 209 164 146 80 168 237 81]
2025/08/09 18:18:04 close peer: [45 82 78 48 46 48 46 48 45 157 94 2 38 135 85 117 198 35 58 19]
2025/08/09 18:18:04 peer pool stopped
2025/08/09 18:18:04 cleanup PeerPool
2025/08/09 18:18:04 [xxxxx]: downloading 2/3 piece
2025/08/09 18:18:04 torrent info: {Tracker:http://bittorrent-test-tracker.codecrafters.io/announce Length:92063 Hash:[214 159 145 230 178 174 76 84 36 104 209 7 58 113 212 234 19 135 154 127] PieceLength:32768 PieceHashes:[e876f67a2a8886e8f36b136726c30fa29703022d 6e2275e604a0766656736e81ff10b55204ad8d35 f00d937a0213df1982bc8d097227ad9e909acc17]}
2025/08/09 18:18:04 piece downloader: pIdx=1, blkCnt=2, pLen=32768, bsize=16384
2025/08/09 18:18:04 downloader 0 started...
2025/08/09 18:18:04 handshake: [45 82 78 48 46 48 46 48 45 157 94 2 38 135 85 117 198 35 58 19], 165.232.38.164:51433
2025/08/09 18:18:04 connecting 192.168.0.104:41934->165.232.38.164:51433, err: <nil>
2025/08/09 18:18:04 unchoke recevied
2025/08/09 18:18:04 requestPkt: [1, 0, 0, 16384]
2025/08/09 18:18:04 try donwloading {idx:0 cnt:2 pIdx:1 pLen:32768}
2025/08/09 18:18:05 handshake: [45 82 78 48 46 48 46 48 45 98 201 129 1 209 164 146 80 168 237 81], 165.232.41.73:51430
2025/08/09 18:18:05 connecting 192.168.0.104:54024->165.232.41.73:51430, err: <nil>
2025/08/09 18:18:05 recevied piece[1 vs 1], begin: 0(0), block_len:16384
2025/08/09 18:18:05 blk 0/2 finished, [0:16384]
2025/08/09 18:18:05 requestPkt: [1, 1, 16384, 16384]
2025/08/09 18:18:05 [p: 1] blk tasks finished: 1/2
2025/08/09 18:18:05 try donwloading {idx:1 cnt:2 pIdx:1 pLen:32768}
2025/08/09 18:18:05 unchoke recevied
2025/08/09 18:18:05 recevied piece[1 vs 1], begin: 16384(1), block_len:16384
2025/08/09 18:18:05 blk 1/2 finished, [16384:32768]
2025/08/09 18:18:05 [p: 1] blk tasks finished: 2/2
2025/08/09 18:18:05 piece downloader stopped: 32768/32768
2025/08/09 18:18:05 downloader 0 stopped...
2025/08/09 18:18:06 handshake: [45 82 78 48 46 48 46 48 45 54 138 135 85 243 84 216 87 114 20 62], 165.232.35.114:51531
2025/08/09 18:18:06 connecting 192.168.0.104:44186->165.232.35.114:51531, err: <nil>
2025/08/09 18:18:06 [bitfield]read length err: EOF
2025/08/09 18:18:06 [connect]connection closed: 192.168.0.104:44186->165.232.35.114:51531
2025/08/09 18:18:06 close peer: [45 82 78 48 46 48 46 48 45 54 138 135 85 243 84 216 87 114 20 62]
2025/08/09 18:18:06 close peer: [45 82 78 48 46 48 46 48 45 98 201 129 1 209 164 146 80 168 237 81]
2025/08/09 18:18:06 close peer: [45 82 78 48 46 48 46 48 45 157 94 2 38 135 85 117 198 35 58 19]
2025/08/09 18:18:06 peer pool stopped
2025/08/09 18:18:06 cleanup PeerPool
2025/08/09 18:18:06 [xxxxx]: downloading 3/3 piece
2025/08/09 18:18:06 torrent info: {Tracker:http://bittorrent-test-tracker.codecrafters.io/announce Length:92063 Hash:[214 159 145 230 178 174 76 84 36 104 209 7 58 113 212 234 19 135 154 127] PieceLength:32768 PieceHashes:[e876f67a2a8886e8f36b136726c30fa29703022d 6e2275e604a0766656736e81ff10b55204ad8d35 f00d937a0213df1982bc8d097227ad9e909acc17]}
2025/08/09 18:18:06 piece downloader: pIdx=2, blkCnt=2, pLen=26527, bsize=16384
2025/08/09 18:18:06 downloader 0 started...
2025/08/09 18:18:06 handshake: [45 82 78 48 46 48 46 48 45 157 94 2 38 135 85 117 198 35 58 19], 165.232.38.164:51433
2025/08/09 18:18:06 connecting 192.168.0.104:53004->165.232.38.164:51433, err: <nil>
2025/08/09 18:18:06 unchoke recevied
2025/08/09 18:18:06 requestPkt: [2, 0, 0, 16384]
2025/08/09 18:18:06 try donwloading {idx:0 cnt:2 pIdx:2 pLen:26527}
2025/08/09 18:18:07 recevied piece[2 vs 2], begin: 0(0), block_len:16384
2025/08/09 18:18:07 blk 0/2 finished, [0:16384]
2025/08/09 18:18:07 requestPkt: [2, 1, 16384, 10143]
2025/08/09 18:18:07 [p: 2] blk tasks finished: 1/2
2025/08/09 18:18:07 try donwloading {idx:1 cnt:2 pIdx:2 pLen:26527}
2025/08/09 18:18:07 handshake: [45 82 78 48 46 48 46 48 45 98 201 129 1 209 164 146 80 168 237 81], 165.232.41.73:51430
2025/08/09 18:18:07 connecting 192.168.0.104:59388->165.232.41.73:51430, err: <nil>
2025/08/09 18:18:07 recevied piece[2 vs 2], begin: 16384(1), block_len:10143
2025/08/09 18:18:07 blk 1/2 finished, [16384:26527]
2025/08/09 18:18:07 [p: 2] blk tasks finished: 2/2
2025/08/09 18:18:07 piece downloader stopped: 26527/26527
2025/08/09 18:18:07 downloader 0 stopped...
2025/08/09 18:18:07 unchoke recevied
2025/08/09 18:18:07 close peer: [45 82 78 48 46 48 46 48 45 157 94 2 38 135 85 117 198 35 58 19]
2025/08/09 18:18:07 close peer: [45 82 78 48 46 48 46 48 45 98 201 129 1 209 164 146 80 168 237 81]
2025/08/09 18:18:07 peer pool stopped
2025/08/09 18:18:07 cleanup PeerPool
